  tiku.cpp
E:\vs2026\vs\tiku\tiku\tiku.cpp(1,1): warning C4828: 文件包含在偏移 0x10e 处开始的字符，该字符在当前源字符集中无效(代码页 65001)。
E:\vs2026\vs\tiku\tiku\tiku.cpp(1,1): warning C4828: 文件包含在偏移 0x110 处开始的字符，该字符在当前源字符集中无效(代码页 65001)。
E:\vs2026\vs\tiku\tiku\tiku.cpp(1,1): warning C4828: 文件包含在偏移 0x112 处开始的字符，该字符在当前源字符集中无效(代码页 65001)。
E:\vs2026\vs\tiku\tiku\tiku.cpp(1,1): warning C4828: 文件包含在偏移 0x114 处开始的字符，该字符在当前源字符集中无效(代码页 65001)。
E:\vs2026\vs\tiku\tiku\tiku.cpp(1,1): warning C4828: 文件包含在偏移 0x116 处开始的字符，该字符在当前源字符集中无效(代码页 65001)。
E:\vs2026\vs\tiku\tiku\tiku.cpp(1,1): warning C4828: 文件包含在偏移 0x117 处开始的字符，该字符在当前源字符集中无效(代码页 65001)。
E:\vs2026\vs\tiku\tiku\tiku.cpp(1,1): warning C4828: 文件包含在偏移 0x11b 处开始的字符，该字符在当前源字符集中无效(代码页 65001)。
E:\vs2026\vs\tiku\tiku\tiku.cpp(1,1): warning C4828: 文件包含在偏移 0x11d 处开始的字符，该字符在当前源字符集中无效(代码页 65001)。
E:\vs2026\vs\tiku\tiku\tiku.cpp(1,1): warning C4828: 文件包含在偏移 0x11e 处开始的字符，该字符在当前源字符集中无效(代码页 65001)。
E:\vs2026\vs\tiku\tiku\tiku.cpp(1,1): warning C4828: 文件包含在偏移 0x121 处开始的字符，该字符在当前源字符集中无效(代码页 65001)。
E:\vs2026\vs\tiku\tiku\tiku.cpp(1,1): warning C4828: 文件包含在偏移 0x122 处开始的字符，该字符在当前源字符集中无效(代码页 65001)。
E:\vs2026\vs\tiku\tiku\tiku.cpp(1,1): warning C4828: 文件包含在偏移 0x125 处开始的字符，该字符在当前源字符集中无效(代码页 65001)。
E:\vs2026\vs\tiku\tiku\tiku.cpp(1,1): warning C4828: 文件包含在偏移 0x195 处开始的字符，该字符在当前源字符集中无效(代码页 65001)。
E:\vs2026\vs\tiku\tiku\tiku.cpp(1,1): warning C4828: 文件包含在偏移 0x197 处开始的字符，该字符在当前源字符集中无效(代码页 65001)。
E:\vs2026\vs\tiku\tiku\tiku.cpp(1,1): warning C4828: 文件包含在偏移 0x198 处开始的字符，该字符在当前源字符集中无效(代码页 65001)。
E:\vs2026\vs\tiku\tiku\tiku.cpp(1,1): warning C4828: 文件包含在偏移 0x19c 处开始的字符，该字符在当前源字符集中无效(代码页 65001)。
E:\vs2026\vs\tiku\tiku\tiku.cpp(1,1): warning C4828: 文件包含在偏移 0x19e 处开始的字符，该字符在当前源字符集中无效(代码页 65001)。
E:\vs2026\vs\tiku\tiku\tiku.cpp(1,1): warning C4828: 文件包含在偏移 0x19f 处开始的字符，该字符在当前源字符集中无效(代码页 65001)。
E:\vs2026\vs\tiku\tiku\tiku.cpp(1,1): warning C4828: 文件包含在偏移 0x1a2 处开始的字符，该字符在当前源字符集中无效(代码页 65001)。
E:\vs2026\vs\tiku\tiku\tiku.cpp(1,1): warning C4828: 文件包含在偏移 0x1a3 处开始的字符，该字符在当前源字符集中无效(代码页 65001)。
E:\vs2026\vs\tiku\tiku\tiku.cpp(1,1): warning C4828: 文件包含在偏移 0x1a4 处开始的字符，该字符在当前源字符集中无效(代码页 65001)。
E:\vs2026\vs\tiku\tiku\tiku.cpp(1,1): warning C4828: 文件包含在偏移 0x1a6 处开始的字符，该字符在当前源字符集中无效(代码页 65001)。
E:\vs2026\vs\tiku\tiku\tiku.cpp(1,1): warning C4828: 文件包含在偏移 0x1a7 处开始的字符，该字符在当前源字符集中无效(代码页 65001)。
E:\vs2026\vs\tiku\tiku\tiku.cpp(1,1): warning C4828: 文件包含在偏移 0x1a8 处开始的字符，该字符在当前源字符集中无效(代码页 65001)。
E:\vs2026\vs\tiku\tiku\tiku.cpp(1,1): warning C4828: 文件包含在偏移 0x1f0 处开始的字符，该字符在当前源字符集中无效(代码页 65001)。
E:\vs2026\vs\tiku\tiku\tiku.cpp(1,1): warning C4828: 文件包含在偏移 0x1f4 处开始的字符，该字符在当前源字符集中无效(代码页 65001)。
E:\vs2026\vs\tiku\tiku\tiku.cpp(1,1): warning C4828: 文件包含在偏移 0x1f5 处开始的字符，该字符在当前源字符集中无效(代码页 65001)。
E:\vs2026\vs\tiku\tiku\tiku.cpp(1,1): warning C4828: 文件包含在偏移 0x1f9 处开始的字符，该字符在当前源字符集中无效(代码页 65001)。
E:\vs2026\vs\tiku\tiku\tiku.cpp(1,1): warning C4828: 文件包含在偏移 0x1fa 处开始的字符，该字符在当前源字符集中无效(代码页 65001)。
E:\vs2026\vs\tiku\tiku\tiku.cpp(1,1): warning C4828: 文件包含在偏移 0x1fb 处开始的字符，该字符在当前源字符集中无效(代码页 65001)。
E:\vs2026\vs\tiku\tiku\tiku.cpp(1,1): warning C4828: 文件包含在偏移 0x21c 处开始的字符，该字符在当前源字符集中无效(代码页 65001)。
E:\vs2026\vs\tiku\tiku\tiku.cpp(1,1): warning C4828: 文件包含在偏移 0x21e 处开始的字符，该字符在当前源字符集中无效(代码页 65001)。
E:\vs2026\vs\tiku\tiku\tiku.cpp(1,1): warning C4828: 文件包含在偏移 0x221 处开始的字符，该字符在当前源字符集中无效(代码页 65001)。
E:\vs2026\vs\tiku\tiku\tiku.cpp(1,1): warning C4828: 文件包含在偏移 0x225 处开始的字符，该字符在当前源字符集中无效(代码页 65001)。
E:\vs2026\vs\tiku\tiku\tiku.cpp(1,1): warning C4828: 文件包含在偏移 0x226 处开始的字符，该字符在当前源字符集中无效(代码页 65001)。
E:\vs2026\vs\tiku\tiku\tiku.cpp(1,1): warning C4828: 文件包含在偏移 0x227 处开始的字符，该字符在当前源字符集中无效(代码页 65001)。
E:\vs2026\vs\tiku\tiku\tiku.cpp(1,1): warning C4828: 文件包含在偏移 0x3f6 处开始的字符，该字符在当前源字符集中无效(代码页 65001)。
E:\vs2026\vs\tiku\tiku\tiku.cpp(1,1): warning C4828: 文件包含在偏移 0x3f8 处开始的字符，该字符在当前源字符集中无效(代码页 65001)。
E:\vs2026\vs\tiku\tiku\tiku.cpp(1,1): warning C4828: 文件包含在偏移 0x3fa 处开始的字符，该字符在当前源字符集中无效(代码页 65001)。
E:\vs2026\vs\tiku\tiku\tiku.cpp(1,1): warning C4828: 文件包含在偏移 0x3fc 处开始的字符，该字符在当前源字符集中无效(代码页 65001)。
E:\vs2026\vs\tiku\tiku\tiku.cpp(1,1): warning C4828: 文件包含在偏移 0x3fe 处开始的字符，该字符在当前源字符集中无效(代码页 65001)。
E:\vs2026\vs\tiku\tiku\tiku.cpp(1,1): warning C4828: 文件包含在偏移 0x3ff 处开始的字符，该字符在当前源字符集中无效(代码页 65001)。
E:\vs2026\vs\tiku\tiku\tiku.cpp(1,1): warning C4828: 文件包含在偏移 0x403 处开始的字符，该字符在当前源字符集中无效(代码页 65001)。
E:\vs2026\vs\tiku\tiku\tiku.cpp(1,1): warning C4828: 文件包含在偏移 0x405 处开始的字符，该字符在当前源字符集中无效(代码页 65001)。
E:\vs2026\vs\tiku\tiku\tiku.cpp(1,1): warning C4828: 文件包含在偏移 0x406 处开始的字符，该字符在当前源字符集中无效(代码页 65001)。
E:\vs2026\vs\tiku\tiku\tiku.cpp(1,1): warning C4828: 文件包含在偏移 0x409 处开始的字符，该字符在当前源字符集中无效(代码页 65001)。
E:\vs2026\vs\tiku\tiku\tiku.cpp(1,1): warning C4828: 文件包含在偏移 0x40a 处开始的字符，该字符在当前源字符集中无效(代码页 65001)。
E:\vs2026\vs\tiku\tiku\tiku.cpp(1,1): warning C4828: 文件包含在偏移 0x40d 处开始的字符，该字符在当前源字符集中无效(代码页 65001)。
E:\vs2026\vs\tiku\tiku\tiku.cpp(1,1): warning C4828: 文件包含在偏移 0x446 处开始的字符，该字符在当前源字符集中无效(代码页 65001)。
E:\vs2026\vs\tiku\tiku\tiku.cpp(1,1): warning C4828: 文件包含在偏移 0x448 处开始的字符，该字符在当前源字符集中无效(代码页 65001)。
E:\vs2026\vs\tiku\tiku\tiku.cpp(1,1): warning C4828: 文件包含在偏移 0x449 处开始的字符，该字符在当前源字符集中无效(代码页 65001)。
E:\vs2026\vs\tiku\tiku\tiku.cpp(1,1): warning C4828: 文件包含在偏移 0x44b 处开始的字符，该字符在当前源字符集中无效(代码页 65001)。
E:\vs2026\vs\tiku\tiku\tiku.cpp(1,1): warning C4828: 文件包含在偏移 0x44e 处开始的字符，该字符在当前源字符集中无效(代码页 65001)。
E:\vs2026\vs\tiku\tiku\tiku.cpp(1,1): warning C4828: 文件包含在偏移 0x44f 处开始的字符，该字符在当前源字符集中无效(代码页 65001)。
E:\vs2026\vs\tiku\tiku\tiku.cpp(1,1): warning C4828: 文件包含在偏移 0x451 处开始的字符，该字符在当前源字符集中无效(代码页 65001)。
E:\vs2026\vs\tiku\tiku\tiku.cpp(1,1): warning C4828: 文件包含在偏移 0x452 处开始的字符，该字符在当前源字符集中无效(代码页 65001)。
E:\vs2026\vs\tiku\tiku\tiku.cpp(1,1): warning C4828: 文件包含在偏移 0x453 处开始的字符，该字符在当前源字符集中无效(代码页 65001)。
E:\vs2026\vs\tiku\tiku\tiku.cpp(1,1): warning C4828: 文件包含在偏移 0x457 处开始的字符，该字符在当前源字符集中无效(代码页 65001)。
E:\vs2026\vs\tiku\tiku\tiku.cpp(1,1): warning C4828: 文件包含在偏移 0x45b 处开始的字符，该字符在当前源字符集中无效(代码页 65001)。
E:\vs2026\vs\tiku\tiku\tiku.cpp(1,1): warning C4828: 文件包含在偏移 0x45c 处开始的字符，该字符在当前源字符集中无效(代码页 65001)。
E:\vs2026\vs\tiku\tiku\tiku.cpp(1,1): warning C4828: 文件包含在偏移 0x45d 处开始的字符，该字符在当前源字符集中无效(代码页 65001)。
E:\vs2026\vs\tiku\tiku\tiku.cpp(1,1): warning C4828: 文件包含在偏移 0x45f 处开始的字符，该字符在当前源字符集中无效(代码页 65001)。
E:\vs2026\vs\tiku\tiku\tiku.cpp(1,1): warning C4828: 文件包含在偏移 0x460 处开始的字符，该字符在当前源字符集中无效(代码页 65001)。
E:\vs2026\vs\tiku\tiku\tiku.cpp(1,1): warning C4828: 文件包含在偏移 0x461 处开始的字符，该字符在当前源字符集中无效(代码页 65001)。
E:\vs2026\vs\tiku\tiku\tiku.cpp(1,1): warning C4828: 文件包含在偏移 0x463 处开始的字符，该字符在当前源字符集中无效(代码页 65001)。
E:\vs2026\vs\tiku\tiku\tiku.cpp(1,1): warning C4828: 文件包含在偏移 0x4e1 处开始的字符，该字符在当前源字符集中无效(代码页 65001)。
E:\vs2026\vs\tiku\tiku\tiku.cpp(1,1): warning C4828: 文件包含在偏移 0x4e3 处开始的字符，该字符在当前源字符集中无效(代码页 65001)。
E:\vs2026\vs\tiku\tiku\tiku.cpp(1,1): warning C4828: 文件包含在偏移 0x4e5 处开始的字符，该字符在当前源字符集中无效(代码页 65001)。
E:\vs2026\vs\tiku\tiku\tiku.cpp(1,1): warning C4828: 文件包含在偏移 0x4e7 处开始的字符，该字符在当前源字符集中无效(代码页 65001)。
E:\vs2026\vs\tiku\tiku\tiku.cpp(1,1): warning C4828: 文件包含在偏移 0x4e9 处开始的字符，该字符在当前源字符集中无效(代码页 65001)。
E:\vs2026\vs\tiku\tiku\tiku.cpp(1,1): warning C4828: 文件包含在偏移 0x4ea 处开始的字符，该字符在当前源字符集中无效(代码页 65001)。
E:\vs2026\vs\tiku\tiku\tiku.cpp(1,1): warning C4828: 文件包含在偏移 0x4ec 处开始的字符，该字符在当前源字符集中无效(代码页 65001)。
E:\vs2026\vs\tiku\tiku\tiku.cpp(1,1): warning C4828: 文件包含在偏移 0x4ef 处开始的字符，该字符在当前源字符集中无效(代码页 65001)。
E:\vs2026\vs\tiku\tiku\tiku.cpp(1,1): warning C4828: 文件包含在偏移 0x4f0 处开始的字符，该字符在当前源字符集中无效(代码页 65001)。
E:\vs2026\vs\tiku\tiku\tiku.cpp(1,1): warning C4828: 文件包含在偏移 0x4f2 处开始的字符，该字符在当前源字符集中无效(代码页 65001)。
E:\vs2026\vs\tiku\tiku\tiku.cpp(1,1): warning C4828: 文件包含在偏移 0x4f3 处开始的字符，该字符在当前源字符集中无效(代码页 65001)。
E:\vs2026\vs\tiku\tiku\tiku.cpp(1,1): warning C4828: 文件包含在偏移 0x4f4 处开始的字符，该字符在当前源字符集中无效(代码页 65001)。
E:\vs2026\vs\tiku\tiku\tiku.cpp(1,1): warning C4828: 文件包含在偏移 0x4f6 处开始的字符，该字符在当前源字符集中无效(代码页 65001)。
E:\vs2026\vs\tiku\tiku\tiku.cpp(1,1): warning C4828: 文件包含在偏移 0x4f8 处开始的字符，该字符在当前源字符集中无效(代码页 65001)。
E:\vs2026\vs\tiku\tiku\tiku.cpp(1,1): warning C4828: 文件包含在偏移 0x4fb 处开始的字符，该字符在当前源字符集中无效(代码页 65001)。
E:\vs2026\vs\tiku\tiku\tiku.cpp(1,1): warning C4828: 文件包含在偏移 0x4fc 处开始的字符，该字符在当前源字符集中无效(代码页 65001)。
E:\vs2026\vs\tiku\tiku\tiku.cpp(1,1): warning C4828: 文件包含在偏移 0x542 处开始的字符，该字符在当前源字符集中无效(代码页 65001)。
E:\vs2026\vs\tiku\tiku\tiku.cpp(1,1): warning C4828: 文件包含在偏移 0x543 处开始的字符，该字符在当前源字符集中无效(代码页 65001)。
E:\vs2026\vs\tiku\tiku\tiku.cpp(1,1): warning C4828: 文件包含在偏移 0x546 处开始的字符，该字符在当前源字符集中无效(代码页 65001)。
E:\vs2026\vs\tiku\tiku\tiku.cpp(1,1): warning C4828: 文件包含在偏移 0x548 处开始的字符，该字符在当前源字符集中无效(代码页 65001)。
E:\vs2026\vs\tiku\tiku\tiku.cpp(1,1): warning C4828: 文件包含在偏移 0x54b 处开始的字符，该字符在当前源字符集中无效(代码页 65001)。
E:\vs2026\vs\tiku\tiku\tiku.cpp(1,1): warning C4828: 文件包含在偏移 0x54f 处开始的字符，该字符在当前源字符集中无效(代码页 65001)。
E:\vs2026\vs\tiku\tiku\tiku.cpp(1,1): warning C4828: 文件包含在偏移 0x550 处开始的字符，该字符在当前源字符集中无效(代码页 65001)。
E:\vs2026\vs\tiku\tiku\tiku.cpp(1,1): warning C4828: 文件包含在偏移 0x551 处开始的字符，该字符在当前源字符集中无效(代码页 65001)。
E:\vs2026\vs\tiku\tiku\tiku.cpp(1,1): warning C4828: 文件包含在偏移 0x579 处开始的字符，该字符在当前源字符集中无效(代码页 65001)。
E:\vs2026\vs\tiku\tiku\tiku.cpp(1,1): warning C4828: 文件包含在偏移 0x57a 处开始的字符，该字符在当前源字符集中无效(代码页 65001)。
E:\vs2026\vs\tiku\tiku\tiku.cpp(1,1): warning C4828: 文件包含在偏移 0x57e 处开始的字符，该字符在当前源字符集中无效(代码页 65001)。
E:\vs2026\vs\tiku\tiku\tiku.cpp(1,1): warning C4828: 文件包含在偏移 0x57f 处开始的字符，该字符在当前源字符集中无效(代码页 65001)。
E:\vs2026\vs\tiku\tiku\tiku.cpp(1,1): warning C4828: 文件包含在偏移 0x582 处开始的字符，该字符在当前源字符集中无效(代码页 65001)。
E:\vs2026\vs\tiku\tiku\tiku.cpp(1,1): warning C4828: 文件包含在偏移 0x586 处开始的字符，该字符在当前源字符集中无效(代码页 65001)。
E:\vs2026\vs\tiku\tiku\tiku.cpp(1,1): warning C4828: 文件包含在偏移 0x58a 处开始的字符，该字符在当前源字符集中无效(代码页 65001)。
E:\vs2026\vs\tiku\tiku\tiku.cpp(1,1): warning C4828: 文件包含在偏移 0x58d 处开始的字符，该字符在当前源字符集中无效(代码页 65001)。
E:\vs2026\vs\tiku\tiku\tiku.cpp(1,1): warning C4828: 文件包含在偏移 0x58e 处开始的字符，该字符在当前源字符集中无效(代码页 65001)。
E:\vs2026\vs\tiku\tiku\tiku.cpp(1,1): warning C4828: 文件包含在偏移 0x594 处开始的字符，该字符在当前源字符集中无效(代码页 65001)。
E:\vs2026\vs\tiku\tiku\tiku.cpp(1,1): warning C4828: 文件包含在偏移 0x5c8 处开始的字符，该字符在当前源字符集中无效(代码页 65001)。
E:\vs2026\vs\tiku\tiku\tiku.cpp(1,1): warning C4828: 文件包含在偏移 0x5ca 处开始的字符，该字符在当前源字符集中无效(代码页 65001)。
E:\vs2026\vs\tiku\tiku\tiku.cpp(1,1): warning C4828: 文件包含在偏移 0x5cc 处开始的字符，该字符在当前源字符集中无效(代码页 65001)。
E:\vs2026\vs\tiku\tiku\tiku.cpp(1,1): warning C4828: 文件包含在偏移 0x5cd 处开始的字符，该字符在当前源字符集中无效(代码页 65001)。
E:\vs2026\vs\tiku\tiku\tiku.cpp(1,1): warning C4828: 文件包含在偏移 0x5cf 处开始的字符，该字符在当前源字符集中无效(代码页 65001)。
E:\vs2026\vs\tiku\tiku\tiku.cpp(1,1): warning C4828: 文件包含在偏移 0x5d0 处开始的字符，该字符在当前源字符集中无效(代码页 65001)。
E:\vs2026\vs\tiku\tiku\tiku.cpp(1,1): warning C4828: 文件包含在偏移 0x5d3 处开始的字符，该字符在当前源字符集中无效(代码页 65001)。
E:\vs2026\vs\tiku\tiku\tiku.cpp(1,1): warning C4828: 文件包含在偏移 0x5d4 处开始的字符，该字符在当前源字符集中无效(代码页 65001)。
E:\vs2026\vs\tiku\tiku\tiku.cpp(1,1): warning C4828: 文件包含在偏移 0x5d6 处开始的字符，该字符在当前源字符集中无效(代码页 65001)。
E:\vs2026\vs\tiku\tiku\tiku.cpp(1,1): warning C4828: 文件包含在偏移 0x5d7 处开始的字符，该字符在当前源字符集中无效(代码页 65001)。
E:\vs2026\vs\tiku\tiku\tiku.cpp(1,1): warning C4828: 文件包含在偏移 0x5d8 处开始的字符，该字符在当前源字符集中无效(代码页 65001)。
E:\vs2026\vs\tiku\tiku\tiku.cpp(1,1): warning C4828: 文件包含在偏移 0x5d9 处开始的字符，该字符在当前源字符集中无效(代码页 65001)。
E:\vs2026\vs\tiku\tiku\tiku.cpp(1,1): warning C4828: 文件包含在偏移 0x5db 处开始的字符，该字符在当前源字符集中无效(代码页 65001)。
E:\vs2026\vs\tiku\tiku\tiku.cpp(1,1): warning C4828: 文件包含在偏移 0x5dc 处开始的字符，该字符在当前源字符集中无效(代码页 65001)。
E:\vs2026\vs\tiku\tiku\tiku.cpp(1,1): warning C4828: 文件包含在偏移 0x5dd 处开始的字符，该字符在当前源字符集中无效(代码页 65001)。
E:\vs2026\vs\tiku\tiku\tiku.cpp(1,1): warning C4828: 文件包含在偏移 0x5e1 处开始的字符，该字符在当前源字符集中无效(代码页 65001)。
E:\vs2026\vs\tiku\tiku\tiku.cpp(1,1): warning C4828: 文件包含在偏移 0x614 处开始的字符，该字符在当前源字符集中无效(代码页 65001)。
E:\vs2026\vs\tiku\tiku\tiku.cpp(1,1): warning C4828: 文件包含在偏移 0x616 处开始的字符，该字符在当前源字符集中无效(代码页 65001)。
E:\vs2026\vs\tiku\tiku\tiku.cpp(1,1): warning C4828: 文件包含在偏移 0x617 处开始的字符，该字符在当前源字符集中无效(代码页 65001)。
E:\vs2026\vs\tiku\tiku\tiku.cpp(1,1): warning C4828: 文件包含在偏移 0x619 处开始的字符，该字符在当前源字符集中无效(代码页 65001)。
E:\vs2026\vs\tiku\tiku\tiku.cpp(1,1): warning C4828: 文件包含在偏移 0x61b 处开始的字符，该字符在当前源字符集中无效(代码页 65001)。
E:\vs2026\vs\tiku\tiku\tiku.cpp(1,1): warning C4828: 文件包含在偏移 0x61e 处开始的字符，该字符在当前源字符集中无效(代码页 65001)。
E:\vs2026\vs\tiku\tiku\tiku.cpp(1,1): warning C4828: 文件包含在偏移 0x61f 处开始的字符，该字符在当前源字符集中无效(代码页 65001)。
E:\vs2026\vs\tiku\tiku\tiku.cpp(1,1): warning C4828: 文件包含在偏移 0x621 处开始的字符，该字符在当前源字符集中无效(代码页 65001)。
E:\vs2026\vs\tiku\tiku\tiku.cpp(1,1): warning C4828: 文件包含在偏移 0x71e 处开始的字符，该字符在当前源字符集中无效(代码页 65001)。
E:\vs2026\vs\tiku\tiku\tiku.cpp(1,1): warning C4828: 文件包含在偏移 0x720 处开始的字符，该字符在当前源字符集中无效(代码页 65001)。
E:\vs2026\vs\tiku\tiku\tiku.cpp(1,1): warning C4828: 文件包含在偏移 0x721 处开始的字符，该字符在当前源字符集中无效(代码页 65001)。
E:\vs2026\vs\tiku\tiku\tiku.cpp(1,1): warning C4828: 文件包含在偏移 0x724 处开始的字符，该字符在当前源字符集中无效(代码页 65001)。
E:\vs2026\vs\tiku\tiku\tiku.cpp(1,1): warning C4828: 文件包含在偏移 0x726 处开始的字符，该字符在当前源字符集中无效(代码页 65001)。
E:\vs2026\vs\tiku\tiku\tiku.cpp(1,1): warning C4828: 文件包含在偏移 0x728 处开始的字符，该字符在当前源字符集中无效(代码页 65001)。
E:\vs2026\vs\tiku\tiku\tiku.cpp(1,1): warning C4828: 文件包含在偏移 0x729 处开始的字符，该字符在当前源字符集中无效(代码页 65001)。
E:\vs2026\vs\tiku\tiku\tiku.cpp(1,1): warning C4828: 文件包含在偏移 0x72a 处开始的字符，该字符在当前源字符集中无效(代码页 65001)。
E:\vs2026\vs\tiku\tiku\tiku.cpp(1,1): warning C4828: 文件包含在偏移 0x72c 处开始的字符，该字符在当前源字符集中无效(代码页 65001)。
E:\vs2026\vs\tiku\tiku\tiku.cpp(1,1): warning C4828: 文件包含在偏移 0x72d 处开始的字符，该字符在当前源字符集中无效(代码页 65001)。
E:\vs2026\vs\tiku\tiku\tiku.cpp(1,1): warning C4828: 文件包含在偏移 0x72f 处开始的字符，该字符在当前源字符集中无效(代码页 65001)。
E:\vs2026\vs\tiku\tiku\tiku.cpp(1,1): warning C4828: 文件包含在偏移 0x731 处开始的字符，该字符在当前源字符集中无效(代码页 65001)。
E:\vs2026\vs\tiku\tiku\tiku.cpp(1,1): warning C4828: 文件包含在偏移 0x734 处开始的字符，该字符在当前源字符集中无效(代码页 65001)。
E:\vs2026\vs\tiku\tiku\tiku.cpp(1,1): warning C4828: 文件包含在偏移 0x735 处开始的字符，该字符在当前源字符集中无效(代码页 65001)。
E:\vs2026\vs\tiku\tiku\tiku.cpp(1,1): warning C4828: 文件包含在偏移 0x79f 处开始的字符，该字符在当前源字符集中无效(代码页 65001)。
E:\vs2026\vs\tiku\tiku\tiku.cpp(1,1): warning C4828: 文件包含在偏移 0x7a3 处开始的字符，该字符在当前源字符集中无效(代码页 65001)。
E:\vs2026\vs\tiku\tiku\tiku.cpp(1,1): warning C4828: 文件包含在偏移 0x7a4 处开始的字符，该字符在当前源字符集中无效(代码页 65001)。
E:\vs2026\vs\tiku\tiku\tiku.cpp(1,1): warning C4828: 文件包含在偏移 0x7a5 处开始的字符，该字符在当前源字符集中无效(代码页 65001)。
E:\vs2026\vs\tiku\tiku\tiku.cpp(1,1): warning C4828: 文件包含在偏移 0x7a7 处开始的字符，该字符在当前源字符集中无效(代码页 65001)。
E:\vs2026\vs\tiku\tiku\tiku.cpp(1,1): warning C4828: 文件包含在偏移 0x7a8 处开始的字符，该字符在当前源字符集中无效(代码页 65001)。
E:\vs2026\vs\tiku\tiku\tiku.cpp(1,1): warning C4828: 文件包含在偏移 0x7d3 处开始的字符，该字符在当前源字符集中无效(代码页 65001)。
E:\vs2026\vs\tiku\tiku\tiku.cpp(1,1): warning C4828: 文件包含在偏移 0x7d5 处开始的字符，该字符在当前源字符集中无效(代码页 65001)。
E:\vs2026\vs\tiku\tiku\tiku.cpp(1,1): warning C4828: 文件包含在偏移 0x7d6 处开始的字符，该字符在当前源字符集中无效(代码页 65001)。
E:\vs2026\vs\tiku\tiku\tiku.cpp(1,1): warning C4828: 文件包含在偏移 0x7d9 处开始的字符，该字符在当前源字符集中无效(代码页 65001)。
E:\vs2026\vs\tiku\tiku\tiku.cpp(1,1): warning C4828: 文件包含在偏移 0x7da 处开始的字符，该字符在当前源字符集中无效(代码页 65001)。
E:\vs2026\vs\tiku\tiku\tiku.cpp(1,1): warning C4828: 文件包含在偏移 0x7de 处开始的字符，该字符在当前源字符集中无效(代码页 65001)。
E:\vs2026\vs\tiku\tiku\tiku.cpp(1,1): warning C4828: 文件包含在偏移 0x7e1 处开始的字符，该字符在当前源字符集中无效(代码页 65001)。
E:\vs2026\vs\tiku\tiku\tiku.cpp(1,1): warning C4828: 文件包含在偏移 0x7e2 处开始的字符，该字符在当前源字符集中无效(代码页 65001)。
E:\vs2026\vs\tiku\tiku\tiku.cpp(1,1): warning C4828: 文件包含在偏移 0x7e3 处开始的字符，该字符在当前源字符集中无效(代码页 65001)。
E:\vs2026\vs\tiku\tiku\tiku.cpp(1,1): warning C4828: 文件包含在偏移 0x7e7 处开始的字符，该字符在当前源字符集中无效(代码页 65001)。
E:\vs2026\vs\tiku\tiku\tiku.cpp(1,1): warning C4828: 文件包含在偏移 0x7e8 处开始的字符，该字符在当前源字符集中无效(代码页 65001)。
E:\vs2026\vs\tiku\tiku\tiku.cpp(1,1): warning C4828: 文件包含在偏移 0x840 处开始的字符，该字符在当前源字符集中无效(代码页 65001)。
E:\vs2026\vs\tiku\tiku\tiku.cpp(1,1): warning C4828: 文件包含在偏移 0x841 处开始的字符，该字符在当前源字符集中无效(代码页 65001)。
E:\vs2026\vs\tiku\tiku\tiku.cpp(1,1): warning C4828: 文件包含在偏移 0x860 处开始的字符，该字符在当前源字符集中无效(代码页 65001)。
E:\vs2026\vs\tiku\tiku\tiku.cpp(1,1): warning C4828: 文件包含在偏移 0x89d 处开始的字符，该字符在当前源字符集中无效(代码页 65001)。
E:\vs2026\vs\tiku\tiku\tiku.cpp(1,1): warning C4828: 文件包含在偏移 0x8a1 处开始的字符，该字符在当前源字符集中无效(代码页 65001)。
E:\vs2026\vs\tiku\tiku\tiku.cpp(1,1): warning C4828: 文件包含在偏移 0x8a2 处开始的字符，该字符在当前源字符集中无效(代码页 65001)。
E:\vs2026\vs\tiku\tiku\tiku.cpp(1,1): warning C4828: 文件包含在偏移 0x8a3 处开始的字符，该字符在当前源字符集中无效(代码页 65001)。
E:\vs2026\vs\tiku\tiku\tiku.cpp(1,1): warning C4828: 文件包含在偏移 0x8a4 处开始的字符，该字符在当前源字符集中无效(代码页 65001)。
E:\vs2026\vs\tiku\tiku\tiku.cpp(1,1): warning C4828: 文件包含在偏移 0x8a7 处开始的字符，该字符在当前源字符集中无效(代码页 65001)。
E:\vs2026\vs\tiku\tiku\tiku.cpp(1,1): warning C4828: 文件包含在偏移 0x8a8 处开始的字符，该字符在当前源字符集中无效(代码页 65001)。
E:\vs2026\vs\tiku\tiku\tiku.cpp(1,1): warning C4828: 文件包含在偏移 0x929 处开始的字符，该字符在当前源字符集中无效(代码页 65001)。
E:\vs2026\vs\tiku\tiku\tiku.cpp(1,1): warning C4828: 文件包含在偏移 0x92a 处开始的字符，该字符在当前源字符集中无效(代码页 65001)。
E:\vs2026\vs\tiku\tiku\tiku.cpp(1,1): warning C4828: 文件包含在偏移 0x92b 处开始的字符，该字符在当前源字符集中无效(代码页 65001)。
E:\vs2026\vs\tiku\tiku\tiku.cpp(1,1): warning C4828: 文件包含在偏移 0x92c 处开始的字符，该字符在当前源字符集中无效(代码页 65001)。
E:\vs2026\vs\tiku\tiku\tiku.cpp(1,1): warning C4828: 文件包含在偏移 0x92e 处开始的字符，该字符在当前源字符集中无效(代码页 65001)。
E:\vs2026\vs\tiku\tiku\tiku.cpp(1,1): warning C4828: 文件包含在偏移 0x92f 处开始的字符，该字符在当前源字符集中无效(代码页 65001)。
E:\vs2026\vs\tiku\tiku\tiku.cpp(1,1): warning C4828: 文件包含在偏移 0x930 处开始的字符，该字符在当前源字符集中无效(代码页 65001)。
E:\vs2026\vs\tiku\tiku\tiku.cpp(1,1): warning C4828: 文件包含在偏移 0x99c 处开始的字符，该字符在当前源字符集中无效(代码页 65001)。
E:\vs2026\vs\tiku\tiku\tiku.cpp(1,1): warning C4828: 文件包含在偏移 0x9a0 处开始的字符，该字符在当前源字符集中无效(代码页 65001)。
E:\vs2026\vs\tiku\tiku\tiku.cpp(1,1): warning C4828: 文件包含在偏移 0x9a2 处开始的字符，该字符在当前源字符集中无效(代码页 65001)。
E:\vs2026\vs\tiku\tiku\tiku.cpp(1,1): warning C4828: 文件包含在偏移 0x9a3 处开始的字符，该字符在当前源字符集中无效(代码页 65001)。
E:\vs2026\vs\tiku\tiku\tiku.cpp(1,1): warning C4828: 文件包含在偏移 0x9a5 处开始的字符，该字符在当前源字符集中无效(代码页 65001)。
E:\vs2026\vs\tiku\tiku\tiku.cpp(1,1): warning C4828: 文件包含在偏移 0x9c2 处开始的字符，该字符在当前源字符集中无效(代码页 65001)。
E:\vs2026\vs\tiku\tiku\tiku.cpp(1,1): warning C4828: 文件包含在偏移 0x9c4 处开始的字符，该字符在当前源字符集中无效(代码页 65001)。
E:\vs2026\vs\tiku\tiku\tiku.cpp(1,1): warning C4828: 文件包含在偏移 0x9c5 处开始的字符，该字符在当前源字符集中无效(代码页 65001)。
E:\vs2026\vs\tiku\tiku\tiku.cpp(1,1): warning C4828: 文件包含在偏移 0x9c7 处开始的字符，该字符在当前源字符集中无效(代码页 65001)。
E:\vs2026\vs\tiku\tiku\tiku.cpp(1,1): warning C4828: 文件包含在偏移 0x9e6 处开始的字符，该字符在当前源字符集中无效(代码页 65001)。
E:\vs2026\vs\tiku\tiku\tiku.cpp(1,1): warning C4828: 文件包含在偏移 0x9e7 处开始的字符，该字符在当前源字符集中无效(代码页 65001)。
E:\vs2026\vs\tiku\tiku\tiku.cpp(1,1): warning C4828: 文件包含在偏移 0x9e8 处开始的字符，该字符在当前源字符集中无效(代码页 65001)。
E:\vs2026\vs\tiku\tiku\tiku.cpp(1,1): warning C4828: 文件包含在偏移 0xa06 处开始的字符，该字符在当前源字符集中无效(代码页 65001)。
E:\vs2026\vs\tiku\tiku\tiku.cpp(1,1): warning C4828: 文件包含在偏移 0xa07 处开始的字符，该字符在当前源字符集中无效(代码页 65001)。
E:\vs2026\vs\tiku\tiku\tiku.cpp(1,1): warning C4828: 文件包含在偏移 0xa0a 处开始的字符，该字符在当前源字符集中无效(代码页 65001)。
E:\vs2026\vs\tiku\tiku\tiku.cpp(1,1): warning C4828: 文件包含在偏移 0xa28 处开始的字符，该字符在当前源字符集中无效(代码页 65001)。
E:\vs2026\vs\tiku\tiku\tiku.cpp(1,1): warning C4828: 文件包含在偏移 0xa29 处开始的字符，该字符在当前源字符集中无效(代码页 65001)。
E:\vs2026\vs\tiku\tiku\tiku.cpp(1,1): warning C4828: 文件包含在偏移 0xa2b 处开始的字符，该字符在当前源字符集中无效(代码页 65001)。
E:\vs2026\vs\tiku\tiku\tiku.cpp(1,1): warning C4828: 文件包含在偏移 0xa2e 处开始的字符，该字符在当前源字符集中无效(代码页 65001)。
E:\vs2026\vs\tiku\tiku\tiku.cpp(1,1): warning C4828: 文件包含在偏移 0xa2f 处开始的字符，该字符在当前源字符集中无效(代码页 65001)。
E:\vs2026\vs\tiku\tiku\tiku.cpp(1,1): warning C4828: 文件包含在偏移 0xa30 处开始的字符，该字符在当前源字符集中无效(代码页 65001)。
E:\vs2026\vs\tiku\tiku\tiku.cpp(1,1): warning C4828: 文件包含在偏移 0xa31 处开始的字符，该字符在当前源字符集中无效(代码页 65001)。
E:\vs2026\vs\tiku\tiku\tiku.cpp(1,1): warning C4828: 文件包含在偏移 0xa4c 处开始的字符，该字符在当前源字符集中无效(代码页 65001)。
E:\vs2026\vs\tiku\tiku\tiku.cpp(1,1): warning C4828: 文件包含在偏移 0xa4e 处开始的字符，该字符在当前源字符集中无效(代码页 65001)。
E:\vs2026\vs\tiku\tiku\tiku.cpp(1,1): warning C4828: 文件包含在偏移 0xa4f 处开始的字符，该字符在当前源字符集中无效(代码页 65001)。
E:\vs2026\vs\tiku\tiku\tiku.cpp(1,1): warning C4828: 文件包含在偏移 0xaf3 处开始的字符，该字符在当前源字符集中无效(代码页 65001)。
E:\vs2026\vs\tiku\tiku\tiku.cpp(1,1): warning C4828: 文件包含在偏移 0xaf5 处开始的字符，该字符在当前源字符集中无效(代码页 65001)。
E:\vs2026\vs\tiku\tiku\tiku.cpp(1,1): warning C4828: 文件包含在偏移 0xaf7 处开始的字符，该字符在当前源字符集中无效(代码页 65001)。
E:\vs2026\vs\tiku\tiku\tiku.cpp(1,1): warning C4828: 文件包含在偏移 0xafb 处开始的字符，该字符在当前源字符集中无效(代码页 65001)。
E:\vs2026\vs\tiku\tiku\tiku.cpp(1,1): warning C4828: 文件包含在偏移 0xafc 处开始的字符，该字符在当前源字符集中无效(代码页 65001)。
E:\vs2026\vs\tiku\tiku\tiku.cpp(1,1): warning C4828: 文件包含在偏移 0xaff 处开始的字符，该字符在当前源字符集中无效(代码页 65001)。
E:\vs2026\vs\tiku\tiku\tiku.cpp(1,1): warning C4828: 文件包含在偏移 0xb00 处开始的字符，该字符在当前源字符集中无效(代码页 65001)。
E:\vs2026\vs\tiku\tiku\tiku.cpp(1,1): warning C4828: 文件包含在偏移 0xb02 处开始的字符，该字符在当前源字符集中无效(代码页 65001)。
E:\vs2026\vs\tiku\tiku\tiku.cpp(1,1): warning C4828: 文件包含在偏移 0xb05 处开始的字符，该字符在当前源字符集中无效(代码页 65001)。
E:\vs2026\vs\tiku\tiku\tiku.cpp(1,1): warning C4828: 文件包含在偏移 0xb06 处开始的字符，该字符在当前源字符集中无效(代码页 65001)。
E:\vs2026\vs\tiku\tiku\tiku.cpp(1,1): warning C4828: 文件包含在偏移 0xb09 处开始的字符，该字符在当前源字符集中无效(代码页 65001)。
E:\vs2026\vs\tiku\tiku\tiku.cpp(1,1): warning C4828: 文件包含在偏移 0xb0a 处开始的字符，该字符在当前源字符集中无效(代码页 65001)。
E:\vs2026\vs\tiku\tiku\tiku.cpp(1,1): warning C4828: 文件包含在偏移 0xb9e 处开始的字符，该字符在当前源字符集中无效(代码页 65001)。
E:\vs2026\vs\tiku\tiku\tiku.cpp(1,1): warning C4828: 文件包含在偏移 0xba2 处开始的字符，该字符在当前源字符集中无效(代码页 65001)。
E:\vs2026\vs\tiku\tiku\tiku.cpp(1,1): warning C4828: 文件包含在偏移 0xba3 处开始的字符，该字符在当前源字符集中无效(代码页 65001)。
E:\vs2026\vs\tiku\tiku\tiku.cpp(1,1): warning C4828: 文件包含在偏移 0xba5 处开始的字符，该字符在当前源字符集中无效(代码页 65001)。
E:\vs2026\vs\tiku\tiku\tiku.cpp(1,1): warning C4828: 文件包含在偏移 0xba6 处开始的字符，该字符在当前源字符集中无效(代码页 65001)。
E:\vs2026\vs\tiku\tiku\tiku.cpp(1,1): warning C4828: 文件包含在偏移 0xba8 处开始的字符，该字符在当前源字符集中无效(代码页 65001)。
E:\vs2026\vs\tiku\tiku\tiku.cpp(1,1): warning C4828: 文件包含在偏移 0xba9 处开始的字符，该字符在当前源字符集中无效(代码页 65001)。
E:\vs2026\vs\tiku\tiku\tiku.cpp(1,1): warning C4828: 文件包含在偏移 0xbaa 处开始的字符，该字符在当前源字符集中无效(代码页 65001)。
E:\vs2026\vs\tiku\tiku\tiku.cpp(1,1): warning C4828: 文件包含在偏移 0xbac 处开始的字符，该字符在当前源字符集中无效(代码页 65001)。
E:\vs2026\vs\tiku\tiku\tiku.cpp(1,1): warning C4828: 文件包含在偏移 0xbae 处开始的字符，该字符在当前源字符集中无效(代码页 65001)。
E:\vs2026\vs\tiku\tiku\tiku.cpp(1,1): warning C4828: 文件包含在偏移 0xbb0 处开始的字符，该字符在当前源字符集中无效(代码页 65001)。
E:\vs2026\vs\tiku\tiku\tiku.cpp(1,1): warning C4828: 文件包含在偏移 0xbb2 处开始的字符，该字符在当前源字符集中无效(代码页 65001)。
E:\vs2026\vs\tiku\tiku\tiku.cpp(1,1): warning C4828: 文件包含在偏移 0xbb4 处开始的字符，该字符在当前源字符集中无效(代码页 65001)。
E:\vs2026\vs\tiku\tiku\tiku.cpp(1,1): warning C4828: 文件包含在偏移 0xbb5 处开始的字符，该字符在当前源字符集中无效(代码页 65001)。
E:\vs2026\vs\tiku\tiku\tiku.cpp(13,10): warning C4876: 字符串字面量中存在不完整或无效的多字节字符。请使用转义序列保留这些字节值。
E:\vs2026\vs\tiku\tiku\tiku.cpp(19,10): warning C4876: 字符串字面量中存在不完整或无效的多字节字符。请使用转义序列保留这些字节值。
E:\vs2026\vs\tiku\tiku\tiku.cpp(20,10): warning C4876: 字符串字面量中存在不完整或无效的多字节字符。请使用转义序列保留这些字节值。
E:\vs2026\vs\tiku\tiku\tiku.cpp(21,10): warning C4876: 字符串字面量中存在不完整或无效的多字节字符。请使用转义序列保留这些字节值。
E:\vs2026\vs\tiku\tiku\tiku.cpp(45,10): warning C4876: 字符串字面量中存在不完整或无效的多字节字符。请使用转义序列保留这些字节值。
E:\vs2026\vs\tiku\tiku\tiku.cpp(50,11): warning C4876: 字符串字面量中存在不完整或无效的多字节字符。请使用转义序列保留这些字节值。
E:\vs2026\vs\tiku\tiku\tiku.cpp(53,12): warning C4876: 字符串字面量中存在不完整或无效的多字节字符。请使用转义序列保留这些字节值。
E:\vs2026\vs\tiku\tiku\tiku.cpp(56,12): warning C4876: 字符串字面量中存在不完整或无效的多字节字符。请使用转义序列保留这些字节值。
E:\vs2026\vs\tiku\tiku\tiku.cpp(60,11): warning C4876: 字符串字面量中存在不完整或无效的多字节字符。请使用转义序列保留这些字节值。
E:\vs2026\vs\tiku\tiku\tiku.cpp(66,11): warning C4876: 字符串字面量中存在不完整或无效的多字节字符。请使用转义序列保留这些字节值。
E:\vs2026\vs\tiku\tiku\tiku.cpp(82,11): warning C4876: 字符串字面量中存在不完整或无效的多字节字符。请使用转义序列保留这些字节值。
E:\vs2026\vs\tiku\tiku\tiku.cpp(89,11): warning C4876: 字符串字面量中存在不完整或无效的多字节字符。请使用转义序列保留这些字节值。
E:\vs2026\vs\tiku\tiku\tiku.cpp(92,11): warning C4876: 字符串字面量中存在不完整或无效的多字节字符。请使用转义序列保留这些字节值。
E:\vs2026\vs\tiku\tiku\tiku.cpp(97,11): warning C4876: 字符串字面量中存在不完整或无效的多字节字符。请使用转义序列保留这些字节值。
E:\vs2026\vs\tiku\tiku\tiku.cpp(97,43): warning C4876: 字符串字面量中存在不完整或无效的多字节字符。请使用转义序列保留这些字节值。
E:\vs2026\vs\tiku\tiku\tiku.cpp(101,11): warning C4876: 字符串字面量中存在不完整或无效的多字节字符。请使用转义序列保留这些字节值。
E:\vs2026\vs\tiku\tiku\tiku.cpp(109,10): warning C4876: 字符串字面量中存在不完整或无效的多字节字符。请使用转义序列保留这些字节值。
E:\vs2026\vs\tiku\tiku\tiku.cpp(115,11): warning C4876: 字符串字面量中存在不完整或无效的多字节字符。请使用转义序列保留这些字节值。
E:\vs2026\vs\tiku\tiku\tiku.cpp(116,11): warning C4876: 字符串字面量中存在不完整或无效的多字节字符。请使用转义序列保留这些字节值。
E:\vs2026\vs\tiku\tiku\tiku.cpp(117,11): warning C4876: 字符串字面量中存在不完整或无效的多字节字符。请使用转义序列保留这些字节值。
E:\vs2026\vs\tiku\tiku\tiku.cpp(118,11): warning C4876: 字符串字面量中存在不完整或无效的多字节字符。请使用转义序列保留这些字节值。
E:\vs2026\vs\tiku\tiku\tiku.cpp(119,11): warning C4876: 字符串字面量中存在不完整或无效的多字节字符。请使用转义序列保留这些字节值。
E:\vs2026\vs\tiku\tiku\tiku.cpp(120,11): warning C4876: 字符串字面量中存在不完整或无效的多字节字符。请使用转义序列保留这些字节值。
E:\vs2026\vs\tiku\tiku\tiku.cpp(131,12): warning C4876: 字符串字面量中存在不完整或无效的多字节字符。请使用转义序列保留这些字节值。
E:\vs2026\vs\tiku\tiku\tiku.cpp(141,12): warning C4876: 字符串字面量中存在不完整或无效的多字节字符。请使用转义序列保留这些字节值。
  tiku.vcxproj -> E:\vs2026\vs\tiku\x64\Debug\tiku.exe
